ASxxxx Linker V03.00 + NoICE + sdld,  page 1.
Hexadecimal  [32-Bits]

Area                                    Addr        Size        Decimal Bytes (Attributes)
--------------------------------        ----        ----        ------- ----- ------------
CABS                                00000000    00000000 =           0. bytes (ABS,CON,CODE)

      Value  Global                              Global Defined In Module
      -----  --------------------------------   ------------------------
C:   00000000  l_BIT_BANK                      
C:   00000000  l_CABS                          
C:   00000000  l_GSINIT                        
C:   00000000  l_GSINIT1                       
C:   00000000  l_GSINIT5                       
C:   00000000  l_IABS                          
C:   00000000  l_ISEG                          
C:   00000000  l_OSEG                          
C:   00000000  l_PSEG                          
C:   00000000  l_REG_BANK_1                    
C:   00000000  l_REG_BANK_2                    
C:   00000000  l_REG_BANK_3                    
C:   00000000  l_RSEG                          
C:   00000000  l_RSEG0                         
C:   00000000  l_RSEG1                         
C:   00000000  l_XABS                          
C:   00000000  l_XINIT                         
C:   00000000  l_XISEG                         
C:   00000000  l_XSEG                          
C:   00000000  l__CODE                         
C:   00000000  s_BSEG                          
C:   00000000  s_CABS                          
C:   00000000  s_DSEG                          
C:   00000000  s_HOME                          
C:   00000000  s_IABS                          
C:   00000000  s_ISEG                          
C:   00000000  s_REG_BANK_0                    
C:   00000000  s_RSEG                          
C:   00000000  s_RSEG0                         
C:   00000000  s_RSEG1                         
C:   00000000  s_XABS                          
C:   00000001  l_BSEG_BYTES                    
C:   00000001  s_PSEG                          
C:   00000001  s_XISEG                         
C:   00000001  s_XSEG                          
C:   00000003  l_BSEG                          
C:   00000003  l_GSFINAL                       
C:   00000003  l_GSINIT0                       
C:   00000008  l_REG_BANK_0                    
C:   00000008  s_REG_BANK_1                    
C:   0000000A  l_CONST                         
C:   0000000A  l_GSINIT2                       
C:   00000010  s_REG_BANK_2                    
C:   00000011  l_HOME                          
C:   00000011  s_GSINIT0                       
C:   00000014  s_GSINIT1                       
C:   00000014  s_GSINIT2                       
C:   00000018  s_BIT_BANK                      
C:   00000018  s_OSEG                          
C:   00000018  s_REG_BANK_3                    
ASxxxx Linker V03.00 + NoICE + sdld,  page 2.
Hexadecimal  [32-Bits]

Area                                    Addr        Size        Decimal Bytes (Attributes)
--------------------------------        ----        ----        ------- ----- ------------
CABS                                00000000    00000000 =           0. bytes (ABS,CON,CODE)

      Value  Global                              Global Defined In Module
      -----  --------------------------------   ------------------------
C:   0000001E  s_GSINIT3                       
C:   00000020  s_BSEG_BYTES                    
C:   00000020  s__CODE                         
C:   00000021  s_SSEG                          
C:   00000022  l_GSINIT3                       
C:   0000002A  l_GSINIT4                       
C:   00000040  s_GSINIT4                       
C:   0000006A  l_DSEG                          
C:   0000006A  s_GSFINAL                       
C:   0000006A  s_GSINIT                        
C:   0000006A  s_GSINIT5                       
C:   0000006D  s_CSEG                          
C:   000000AC  l_CSEG                          
C:   000000DF  l_SSEG                          
C:   00000100  l_IRAM                          
C:   00000119  s_CONST                         
C:   00000123  s_XINIT                         

ASxxxx Linker V03.00 + NoICE + sdld,  page 3.
Hexadecimal  [32-Bits]

Area                                    Addr        Size        Decimal Bytes (Attributes)
--------------------------------        ----        ----        ------- ----- ------------
.  .ABS.                            00000000    00000000 =           0. bytes (ABS,CON)

      Value  Global                              Global Defined In Module
      -----  --------------------------------   ------------------------
     00000000  .__.ABS.                           _startup
     00000080  _P0                                helloLED
     00000080  _P0_0                              helloLED
     00000081  _P0_1                              helloLED
     00000081  _SP                                helloLED
     00000082  _DPL                               helloLED
     00000082  _P0_2                              helloLED
     00000083  _DPH                               helloLED
     00000083  _P0_3                              helloLED
     00000084  _P0_4                              helloLED
     00000085  _P0_5                              helloLED
     00000086  _P0_6                              helloLED
     00000087  _P0_7                              helloLED
     00000087  _PCON                              helloLED
     00000088  _IT0                               helloLED
     00000088  _TCON                              helloLED
     00000089  _IE0                               helloLED
     00000089  _TMOD                              helloLED
     0000008A  _IT1                               helloLED
     0000008A  _TL0                               helloLED
     0000008B  _IE1                               helloLED
     0000008B  _TL1                               helloLED
     0000008C  _TH0                               helloLED
     0000008C  _TR0                               helloLED
     0000008D  _TF0                               helloLED
     0000008D  _TH1                               helloLED
     0000008E  _TR1                               helloLED
     0000008F  _TF1                               helloLED
     00000090  _P1                                helloLED
     00000090  _P1_0                              helloLED
     00000091  _P1_1                              helloLED
     00000092  _P1_2                              helloLED
     00000093  _P1_3                              helloLED
     00000094  _P1_4                              helloLED
     00000095  _P1_5                              helloLED
     00000096  _P1_6                              helloLED
     00000096  _SEG_OFF                           helloLED
     00000097  _LED                               helloLED
     00000097  _P1_7                              helloLED
     00000098  _RI                                helloLED
     00000098  _SCON                              helloLED
     00000099  _SBUF                              helloLED
     00000099  _TI                                helloLED
     0000009A  _RB8                               helloLED
     0000009B  _TB8                               helloLED
     0000009C  _REN                               helloLED
     0000009D  _SM2                               helloLED
     0000009E  _SM1                               helloLED
     0000009F  _SM0                               helloLED
     000000A0  _P2                                helloLED
ASxxxx Linker V03.00 + NoICE + sdld,  page 4.
Hexadecimal  [32-Bits]

Area                                    Addr        Size        Decimal Bytes (Attributes)
--------------------------------        ----        ----        ------- ----- ------------
.  .ABS.                            00000000    00000000 =           0. bytes (ABS,CON)

      Value  Global                              Global Defined In Module
      -----  --------------------------------   ------------------------
     000000A0  _P2_0                              helloLED
     000000A0  __XPAGE                            
     000000A1  _P2_1                              helloLED
     000000A2  _P2_2                              helloLED
     000000A3  _P2_3                              helloLED
     000000A4  _P2_4                              helloLED
     000000A5  _P2_5                              helloLED
     000000A6  _P2_6                              helloLED
     000000A7  _P2_7                              helloLED
     000000A8  _EX0                               helloLED
     000000A8  _IE                                helloLED
     000000A9  _ET0                               helloLED
     000000AA  _EX1                               helloLED
     000000AB  _ET1                               helloLED
     000000AC  _ES                                helloLED
     000000AF  _EA                                helloLED
     000000B0  _P3                                helloLED
     000000B0  _P3_0                              helloLED
     000000B0  _RXD                               helloLED
     000000B1  _P3_1                              helloLED
     000000B1  _TXD                               helloLED
     000000B2  _INT0                              helloLED
     000000B2  _P3_2                              helloLED
     000000B3  _INT1                              helloLED
     000000B3  _P3_3                              helloLED
     000000B4  _P3_4                              helloLED
     000000B4  _T0                                helloLED
     000000B5  _P3_5                              helloLED
     000000B5  _T1                                helloLED
     000000B6  _P3_6                              helloLED
     000000B6  _WR                                helloLED
     000000B7  _P3_7                              helloLED
     000000B7  _RD                                helloLED
     000000B8  _IP                                helloLED
     000000B8  _PX0                               helloLED
     000000B9  _PT0                               helloLED
     000000BA  _PX1                               helloLED
     000000BB  _PT1                               helloLED
     000000BC  _PS                                helloLED
     000000D0  _P                                 helloLED
     000000D0  _PSW                               helloLED
     000000D1  _F1                                helloLED
     000000D2  _OV                                helloLED
     000000D3  _RS0                               helloLED
     000000D4  _RS1                               helloLED
     000000D5  _F0                                helloLED
     000000D6  _AC                                helloLED
     000000D7  _CY                                helloLED
     000000E0  _ACC                               helloLED
     000000F0  _B                                 helloLED

ASxxxx Linker V03.00 + NoICE + sdld,  page 5.
Hexadecimal  [32-Bits]

Area                                    Addr        Size        Decimal Bytes (Attributes)
--------------------------------        ----        ----        ------- ----- ------------
BSEG_BYTES                          00000020    00000001 =           1. bytes (REL,CON)

      Value  Global                              Global Defined In Module
      -----  --------------------------------   ------------------------
ASxxxx Linker V03.00 + NoICE + sdld,  page 6.
Hexadecimal  [32-Bits]

Area                                    Addr        Size        Decimal Bytes (Attributes)
--------------------------------        ----        ----        ------- ----- ------------
REG_BANK_0                          00000000    00000008 =           8. bytes (REL,OVR)

      Value  Global                              Global Defined In Module
      -----  --------------------------------   ------------------------
ASxxxx Linker V03.00 + NoICE + sdld,  page 7.
Hexadecimal  [32-Bits]

Area                                    Addr        Size        Decimal Bytes (Attributes)
--------------------------------        ----        ----        ------- ----- ------------
DSEG                                00000000    0000006A =         106. bytes (REL,CON)

      Value  Global                              Global Defined In Module
      -----  --------------------------------   ------------------------
     00000008  _timer_buf                         helloLED
     00000009  _send_buf                          helloLED

ASxxxx Linker V03.00 + NoICE + sdld,  page 8.
Hexadecimal  [32-Bits]

Area                                    Addr        Size        Decimal Bytes (Attributes)
--------------------------------        ----        ----        ------- ----- ------------
SSEG                                00000021    000000DF =         223. bytes (REL,OVR)

      Value  Global                              Global Defined In Module
      -----  --------------------------------   ------------------------
     00000021  __start__stack                     helloLED

ASxxxx Linker V03.00 + NoICE + sdld,  page 9.
Hexadecimal  [32-Bits]

Area                                    Addr        Size        Decimal Bytes (Attributes)
--------------------------------        ----        ----        ------- ----- ------------
HOME                                00000000    00000011 =          17. bytes (REL,CON,CODE)

      Value  Global                              Global Defined In Module
      -----  --------------------------------   ------------------------
C:   0000000E  __sdcc_program_startup             helloLED

ASxxxx Linker V03.00 + NoICE + sdld,  page 10.
Hexadecimal  [32-Bits]

Area                                    Addr        Size        Decimal Bytes (Attributes)
--------------------------------        ----        ----        ------- ----- ------------
GSINIT0                             00000011    00000003 =           3. bytes (REL,CON,CODE)

      Value  Global                              Global Defined In Module
      -----  --------------------------------   ------------------------
C:   00000011  __sdcc_gsinit_startup              

ASxxxx Linker V03.00 + NoICE + sdld,  page 11.
Hexadecimal  [32-Bits]

Area                                    Addr        Size        Decimal Bytes (Attributes)
--------------------------------        ----        ----        ------- ----- ------------
GSINIT2                             00000014    0000000A =          10. bytes (REL,CON,CODE)

      Value  Global                              Global Defined In Module
      -----  --------------------------------   ------------------------
ASxxxx Linker V03.00 + NoICE + sdld,  page 12.
Hexadecimal  [32-Bits]

Area                                    Addr        Size        Decimal Bytes (Attributes)
--------------------------------        ----        ----        ------- ----- ------------
GSINIT3                             0000001E    00000022 =          34. bytes (REL,CON,CODE)

      Value  Global                              Global Defined In Module
      -----  --------------------------------   ------------------------
C:   0000001E  __mcs51_genXINIT                   

ASxxxx Linker V03.00 + NoICE + sdld,  page 13.
Hexadecimal  [32-Bits]

Area                                    Addr        Size        Decimal Bytes (Attributes)
--------------------------------        ----        ----        ------- ----- ------------
GSINIT4                             00000040    0000002A =          42. bytes (REL,CON,CODE)

      Value  Global                              Global Defined In Module
      -----  --------------------------------   ------------------------
C:   00000040  __mcs51_genRAMCLEAR                
C:   00000046  __mcs51_genXRAMCLEAR               

ASxxxx Linker V03.00 + NoICE + sdld,  page 14.
Hexadecimal  [32-Bits]

Area                                    Addr        Size        Decimal Bytes (Attributes)
--------------------------------        ----        ----        ------- ----- ------------
GSFINAL                             0000006A    00000003 =           3. bytes (REL,CON,CODE)

      Value  Global                              Global Defined In Module
      -----  --------------------------------   ------------------------
ASxxxx Linker V03.00 + NoICE + sdld,  page 15.
Hexadecimal  [32-Bits]

Area                                    Addr        Size        Decimal Bytes (Attributes)
--------------------------------        ----        ----        ------- ----- ------------
CSEG                                0000006D    000000AC =         172. bytes (REL,CON,CODE)

      Value  Global                              Global Defined In Module
      -----  --------------------------------   ------------------------
C:   0000006D  _main                              helloLED
C:   000000DE  _t0_serv                           helloLED
C:   000000EB  _rec_serv                          helloLED
C:   00000102  _send_serv                         helloLED
C:   0000010C  _t0_int                            helloLED
C:   00000115  __sdcc_external_startup            _startup
ASxxxx Linker V03.00 + NoICE + sdld,  page 16.
Hexadecimal  [32-Bits]

Area                                    Addr        Size        Decimal Bytes (Attributes)
--------------------------------        ----        ----        ------- ----- ------------
CONST                               00000119    0000000A =          10. bytes (REL,CON,CODE)

      Value  Global                              Global Defined In Module
      -----  --------------------------------   ------------------------
C:   00000119  _WZOR                              helloLED

ASxxxx Linker V03.00 + NoICE + sdld,  page 17.

Files Linked                              [ module(s) ]

helloLED.rel                              [  ]


Libraries Linked                          [ object file ]

/usr/share/sdcc/lib/small/mcs51.lib       [ crtclear.rel ]
/usr/share/sdcc/lib/small/mcs51.lib       [ crtxinit.rel ]
/usr/share/sdcc/lib/small/mcs51.lib       [ crtxclear.rel ]
/usr/share/sdcc/lib/small/mcs51.lib       [ crtpagesfr.rel ]
/usr/share/sdcc/lib/small/mcs51.lib       [ crtstart.rel ]
/usr/share/sdcc/lib/small/libsdcc.lib     [ _startup.rel ]

ASxxxx Linker V03.00 + NoICE + sdld,  page 18.

User Base Address Definitions

HOME = 0x0000
XSEG = 0x0001
PSEG = 0x0001
ISEG = 0x0000
BSEG = 0x0000

